Traceback (most recent call last):
  File "/Users/odakyildiz/miniconda3/envs/stoch_sim/lib/python3.12/site-packages/jupyter_cache/executors/utils.py", line 58, in single_nb_execution
    executenb(
  File "/Users/odakyildiz/miniconda3/envs/stoch_sim/lib/python3.12/site-packages/nbclient/client.py", line 1319, in execute
    return NotebookClient(nb=nb, resources=resources, km=km, **kwargs).execute()
           ^^^^^^^^^^^^^^^^^^^^^^^^^^^^^^^^^^^^^^^^^^^^^^^^^^^^^^^^^^^^^^^^^^^^^
  File "/Users/odakyildiz/miniconda3/envs/stoch_sim/lib/python3.12/site-packages/jupyter_core/utils/__init__.py", line 165, in wrapped
    return loop.run_until_complete(inner)
           ^^^^^^^^^^^^^^^^^^^^^^^^^^^^^^
  File "/Users/odakyildiz/miniconda3/envs/stoch_sim/lib/python3.12/asyncio/base_events.py", line 687, in run_until_complete
    return future.result()
           ^^^^^^^^^^^^^^^
  File "/Users/odakyildiz/miniconda3/envs/stoch_sim/lib/python3.12/site-packages/nbclient/client.py", line 709, in async_execute
    await self.async_execute_cell(
  File "/Users/odakyildiz/miniconda3/envs/stoch_sim/lib/python3.12/site-packages/nbclient/client.py", line 1062, in async_execute_cell
    await self._check_raise_for_error(cell, cell_index, exec_reply)
  File "/Users/odakyildiz/miniconda3/envs/stoch_sim/lib/python3.12/site-packages/nbclient/client.py", line 918, in _check_raise_for_error
    raise CellExecutionError.from_cell_and_msg(cell, exec_reply_content)
nbclient.exceptions.CellExecutionError: An error occurred while executing the following cell:
------------------
import numpy as np
import matplotlib.pyplot as plt

orange_rgb = [0.8, 0.4, 0]


def gamma(x, alpha, beta):
    return (beta**alpha / np.math.factorial(alpha-1)) * x**(alpha-1) * np.exp(-beta * x)

def exponential(x, lam):
    return lam * np.exp(-lam * x)

def Poisson(y, x):
    return np.exp(-x) * x**y / np.math.factorial(y)

def posterior_gamma(x, y, alpha, beta):
    return gamma(x, alpha + y, beta + 1)

def unnormalised_posterior_gamma(x, y, alpha, beta):
    return x**(alpha + y - 1) * np.exp(-beta * x) * np.exp(-x)

def M(x, y, alpha, lam):
    return ((alpha + y - 1)/(2 - lam))**(alpha + y - 1) * np.exp(-(alpha + y - 1)) / (lam)

alpha = 2
beta = 1
y1 = 3
y2 = 4

ylim_max = 0.8
xx = np.linspace(0, 10, 1000)

fig, ax = plt.subplots(1, 2, figsize=(10, 5))
# ax[0].plot(xx, gamma(xx, alpha, beta), 'k-', label='prior')
# ax[0].plot(xx, Poisson(y1, xx), color=[0.8, 0, 0], label='likelihood')
ax[0].plot(xx, unnormalised_posterior_gamma(xx, y1, alpha, beta), color='k', label='unnormalised posterior')
ax[0].plot(xx, posterior_gamma(xx, y1, alpha, beta), color=[0, 0, 0.8], label='posterior')
ax[0].plot(xx, M(xx, y1, alpha, 2/(alpha + y1)) * exponential(xx, 2/(alpha + y1)), 'm-', label='proposal')
ax[0].set_title('$y = 3$')
ax[0].set_ylim([0, ylim_max])
ax[0].set_xlim([0, 10])
ax[0].spines['top'].set_visible(False)
ax[0].spines['right'].set_visible(False)
ax[0].legend()
# ax[1].plot(xx, gamma(xx, alpha, beta), 'k-', label='prior')
# ax[1].plot(xx, Poisson(y2, xx), color=[0.8, 0, 0], label='likelihood')
ax[1].plot(xx, unnormalised_posterior_gamma(xx, y2, alpha, beta), color='k', label='unnormalised posterior')
ax[1].plot(xx, posterior_gamma(xx, y2, alpha, beta), color=[0, 0, 0.8], label='posterior')
ax[1].plot(xx, M(xx, y2, alpha, 2/(alpha + y1)) * exponential(xx, 2/(alpha + y2)), 'm-', label='proposal')
ax[1].set_title('$y = 4$')
ax[1].set_ylim([0, ylim_max])
ax[0].set_xlim([0, 10])
ax[1].spines['top'].set_visible(False)
ax[1].spines['right'].set_visible(False)
ax[1].legend()
plt.show()
------------------


[31m---------------------------------------------------------------------------[39m
[31mAttributeError[39m                            Traceback (most recent call last)
[36mCell[39m[36m [39m[32mIn[1][39m[32m, line 37[39m
[32m     34[39m [38;5;66;03m# ax[0].plot(xx, gamma(xx, alpha, beta), 'k-', label='prior')[39;00m
[32m     35[39m [38;5;66;03m# ax[0].plot(xx, Poisson(y1, xx), color=[0.8, 0, 0], label='likelihood')[39;00m
[32m     36[39m ax[[32m0[39m].plot(xx, unnormalised_posterior_gamma(xx, y1, alpha, beta), color=[33m'[39m[33mk[39m[33m'[39m, label=[33m'[39m[33munnormalised posterior[39m[33m'[39m)
[32m---> [39m[32m37[39m ax[[32m0[39m].plot(xx, [43mposterior_gamma[49m[43m([49m[43mxx[49m[43m,[49m[43m [49m[43my1[49m[43m,[49m[43m [49m[43malpha[49m[43m,[49m[43m [49m[43mbeta[49m[43m)[49m, color=[[32m0[39m, [32m0[39m, [32m0.8[39m], label=[33m'[39m[33mposterior[39m[33m'[39m)
[32m     38[39m ax[[32m0[39m].plot(xx, M(xx, y1, alpha, [32m2[39m/(alpha + y1)) * exponential(xx, [32m2[39m/(alpha + y1)), [33m'[39m[33mm-[39m[33m'[39m, label=[33m'[39m[33mproposal[39m[33m'[39m)
[32m     39[39m ax[[32m0[39m].set_title([33m'[39m[33m$y = 3$[39m[33m'[39m)

[36mCell[39m[36m [39m[32mIn[1][39m[32m, line 17[39m, in [36mposterior_gamma[39m[34m(x, y, alpha, beta)[39m
[32m     16[39m [38;5;28;01mdef[39;00m[38;5;250m [39m[34mposterior_gamma[39m(x, y, alpha, beta):
[32m---> [39m[32m17[39m     [38;5;28;01mreturn[39;00m [43mgamma[49m[43m([49m[43mx[49m[43m,[49m[43m [49m[43malpha[49m[43m [49m[43m+[49m[43m [49m[43my[49m[43m,[49m[43m [49m[43mbeta[49m[43m [49m[43m+[49m[43m [49m[32;43m1[39;49m[43m)[49m

[36mCell[39m[36m [39m[32mIn[1][39m[32m, line 8[39m, in [36mgamma[39m[34m(x, alpha, beta)[39m
[32m      7[39m [38;5;28;01mdef[39;00m[38;5;250m [39m[34mgamma[39m(x, alpha, beta):
[32m----> [39m[32m8[39m     [38;5;28;01mreturn[39;00m (beta**alpha / [43mnp[49m[43m.[49m[43mmath[49m.factorial(alpha-[32m1[39m)) * x**(alpha-[32m1[39m) * np.exp(-beta * x)

[36mFile [39m[32m~/miniconda3/envs/stoch_sim/lib/python3.12/site-packages/numpy/__init__.py:795[39m, in [36m__getattr__[39m[34m(attr)[39m
[32m    792[39m     [38;5;28;01mimport[39;00m[38;5;250m [39m[34;01mnumpy[39;00m[34;01m.[39;00m[34;01mchar[39;00m[38;5;250m [39m[38;5;28;01mas[39;00m[38;5;250m [39m[34;01mchar[39;00m
[32m    793[39m     [38;5;28;01mreturn[39;00m char.chararray
[32m--> [39m[32m795[39m [38;5;28;01mraise[39;00m [38;5;167;01mAttributeError[39;00m([33mf[39m[33m"[39m[33mmodule [39m[38;5;132;01m{[39;00m[34m__name__[39m[38;5;132;01m!r}[39;00m[33m has no attribute [39m[38;5;132;01m{[39;00mattr[38;5;132;01m!r}[39;00m[33m"[39m)

[31mAttributeError[39m: module 'numpy' has no attribute 'math'

